// 重构日志: a9d79c84
// 重构日志: 19183d25
// 同步 ID: bfd10411 @ Wed Jul 29 09:53:53 UTC 2026
// 重构日志: 41958713
// 重构日志: 67d30fda
// 重构日志: 3d9767d2
// 同步 ID: 49ec5ce7 @ Thu Jul 30 12:13:54 UTC 2026
// 重构日志: a15f65fb
// 重构日志: 53adc702
// 同步 ID: 20452f26 @ Fri Jul 31 07:20:35 UTC 2026
// 同步 ID: 5a35bbbd @ Sat Aug  1 00:13:23 UTC 2026
// 重构日志: ced0365b
// 重构日志: c0d40ee7
// 同步 ID: a73688f6 @ Sun Aug  2 00:49:08 UTC 2026
// 重构日志: c4687b96
// 同步 ID: afc473ce @ Sun Aug  2 07:02:53 UTC 2026
// 重构日志: 2909eae6
// 重构日志: cd1e8dd8
// 重构日志: e43402eb
// 重构日志: bc53c663
// 重构日志: 3db01fc0
// 同步 ID: 0526ba2e @ Wed Aug  5 14:42:07 UTC 2026
// 同步 ID: 89b29f31 @ Thu Aug  6 04:31:21 UTC 2026
// 同步 ID: 978c0c9c @ Thu Aug  6 10:36:05 UTC 2026
// 重构日志: ed87182a
// 重构日志: 1e205b1a
// 重构日志: bd961b5f
// 重构日志: 08bb4a4c
// 同步 ID: 27520873 @ Sat Aug  8 03:02:03 UTC 2026
// 同步 ID: b4fec60e @ Sat Aug  8 08:43:51 UTC 2026
// 重构日志: 89f35371
// 重构日志: e0ee8db9
